<?xml version="1.0" encoding="utf-8"?><testsuites><testsuite name="pytest" errors="0" failures="0" skipped="0" tests="0" time="0.162" timestamp="2025-01-21T20:55:33.010613" hostname="Mac.hsd1.fl.comcast.net" /></testsuites>